// Jest Snapshot v1, https://goo.gl/fbAQLP

exports[`selectFilm reducer should handle SELECT_FILM 1`] = `
Object {
  "posterData": Object {
    "title": "film",
  },
  "selectedGenre": "Drama",
}
`;
