// Jest Snapshot v1, https://goo.gl/fbAQLP

exports[`Poster should render correctly 1`] = `
<div
  className="poster"
>
  <div
    className="poster__img-wrap"
  >
    <img
      alt="file poster"
      className="poster__img"
    />
  </div>
  <div
    className="poster__info film"
  >
    <div
      className="film__header"
    >
      <h1
        className="film__title"
      >
        title
      </h1>
      <div
        className="film__score"
      >
        http://test
      </div>
    </div>
    <h5
      className="film__subtitle"
    >
      tagline
    </h5>
    <div
      className="film__info"
    >
      <div
        className="film__year"
      >
        1924
      </div>
      <div
        className="film__latency"
      >
        100 min
      </div>
    </div>
    <p
      className="film__desq"
    />
  </div>
</div>
`;
