// Jest Snapshot v1, https://goo.gl/fbAQLP

exports[`Footer should render correctly 1`] = `
<footer
  className="footer app__footer bg-dark"
>
  <div
    className="container"
  >
    <Logo />
  </div>
</footer>
`;
