// Jest Snapshot v1, https://goo.gl/fbAQLP

exports[`Header should render correctly 1`] = `
<div
  className="header app__header bg-dark"
>
  <div
    className="container"
  >
    <div
      className="header__top"
    >
       
      <Logo />
       
    </div>
    <Search />
  </div>
</div>
`;
