// Jest Snapshot v1, https://goo.gl/fbAQLP

exports[`SearchButton should render correctly 1`] = `
<button
  class="search-button btn btn-lg btn-primary"
  type="button"
>
   Search
</button>
`;
