// Jest Snapshot v1, https://goo.gl/fbAQLP

exports[`Main should render correctly 1`] = `
<main
  class="content app__main"
>
  <div
    class="content__top"
  >
    <div
      class="container"
    >
      <div
        class="container"
      >
        <div
          class="extra-info"
        >
          <div
            class="extra-info__content"
          >
            2 movies found
          </div>
        </div>
        <div
          class="filter-content"
        >
          <div
            class="filter-content__title"
          >
            Sort By
          </div>
          <div
            class="filter-content__group"
          >
            <label
              class="filter-content__label"
              for="release"
            >
              <input
                autocomplete="off"
                class="filter-content__input"
                id="release"
                name="filter"
                type="radio"
                value="release"
              />
               release date
            </label>
            <label
              class="filter-content__label active"
              for="rating"
            >
              <input
                autocomplete="off"
                class="filter-content__input"
                id="rating"
                name="filter"
                type="radio"
                value="rating"
              />
               rating
            </label>
          </div>
        </div>
      </div>
    </div>
  </div>
  <div
    class="container"
  >
    <div
      class="content-info"
    >
      <ul
        class="film-list"
      >
        <li
          class="film-list__item"
        >
          <div
            class="film-item"
          >
            <div
              class="film-item__img-wrap"
            >
              <img
                alt="film"
                class="film-item__img"
              />
            </div>
            <div
              class="film-item__info"
            >
              <div
                class="film-item__title"
              >
                title
              </div>
              <div
                class="film-item__year"
              >
                1992
              </div>
            </div>
            <div
              class="film-item__genre"
            >
              Drama
            </div>
          </div>
        </li>
        <li
          class="film-list__item"
        >
          <div
            class="film-item"
          >
            <div
              class="film-item__img-wrap"
            >
              <img
                alt="film"
                class="film-item__img"
              />
            </div>
            <div
              class="film-item__info"
            >
              <div
                class="film-item__title"
              >
                title2
              </div>
              <div
                class="film-item__year"
              >
                1994
              </div>
            </div>
            <div
              class="film-item__genre"
            >
              Drama
            </div>
          </div>
        </li>
      </ul>
    </div>
  </div>
</main>
`;
